2026-08-02 23:17:42.060 [background-preinit] INFO  o.h.validator.internal.util.Version - HV000001: Hibernate Validator 9.1.0.Final
2026-08-02 23:17:42.095 [restartedMain] INFO  c.c.o.OnlineTiffinServiceApplication - Starting OnlineTiffinServiceApplication using Java 25.0.2 with PID 11064 (C:\Users\Ganesh Bhutekar\OneDrive\Desktop\online_tiffin_service\Online-Tiffin-Service\Online-Tiffin-Service\target\classes started by Ganesh Bhutekar in C:\Users\Ganesh Bhutekar\OneDrive\Desktop\online_tiffin_service\Online-Tiffin-Service\Online-Tiffin-Service)
2026-08-02 23:17:42.096 [restartedMain] DEBUG c.c.o.OnlineTiffinServiceApplication - Running with Spring Boot v4.1.0, Spring v7.0.8
2026-08-02 23:17:42.097 [restartedMain] INFO  c.c.o.OnlineTiffinServiceApplication - No active profile set, falling back to 1 default profile: "default"
2026-08-02 23:17:42.135 [restartedMain] INFO  o.s.b.d.e.DevToolsPropertyDefaultsPostProcessor - Devtools property defaults active! Set 'spring.devtools.add-properties' to 'false' to disable
2026-08-02 23:17:42.136 [restartedMain] INFO  o.s.b.d.e.DevToolsPropertyDefaultsPostProcessor - For additional web related logging consider setting the 'logging.level.web' property to 'DEBUG'
2026-08-02 23:17:42.989 [restartedMain] INFO  o.s.d.r.c.RepositoryConfigurationDelegate - Bootstrapping Spring Data JPA repositories in DEFAULT mode.
2026-08-02 23:17:43.046 [restartedMain] INFO  o.s.d.r.c.RepositoryConfigurationDelegate - Finished Spring Data repository scanning in 49 ms. Found 5 JPA repository interfaces.
2026-08-02 23:17:43.605 [restartedMain] INFO  o.s.boot.tomcat.TomcatWebServer - Tomcat initialized with port 8080 (http)
2026-08-02 23:17:43.620 [restartedMain] INFO  o.a.coyote.http11.Http11NioProtocol - Initializing ProtocolHandler ["http-nio-8080"]
2026-08-02 23:17:43.623 [restartedMain] INFO  o.a.catalina.core.StandardService - Starting service [Tomcat]
2026-08-02 23:17:43.623 [restartedMain] INFO  o.a.catalina.core.StandardEngine - Starting Servlet engine: [Apache Tomcat/11.0.22]
2026-08-02 23:17:43.673 [restartedMain] INFO  o.s.b.w.c.s.WebApplicationContextInitializer - Root WebApplicationContext: initialization completed in 1537 ms
2026-08-02 23:17:43.734 [restartedMain] DEBUG c.c.o.s.CustomJWTVerificationFilter - Filter 'customJWTVerificationFilter' configured for use
2026-08-02 23:17:43.875 [restartedMain] INFO  org.hibernate.orm.jpa - HHH008540: Processing PersistenceUnitInfo [name: default]
2026-08-02 23:17:43.920 [restartedMain] INFO  org.hibernate.orm.core - HHH000001: Hibernate ORM core version 7.4.1.Final
2026-08-02 23:17:44.290 [restartedMain] INFO  o.s.o.j.p.SpringPersistenceUnitInfo - No LoadTimeWeaver setup: ignoring JPA class transformer
2026-08-02 23:17:44.325 [restartedMain] INFO  com.zaxxer.hikari.HikariDataSource - HikariPool-1 - Starting...
2026-08-02 23:17:44.738 [restartedMain] INFO  com.zaxxer.hikari.pool.HikariPool - HikariPool-1 - Added connection com.mysql.cj.jdbc.ConnectionImpl@3b9e0e04
2026-08-02 23:17:44.742 [restartedMain] INFO  com.zaxxer.hikari.HikariDataSource - HikariPool-1 - Start completed.
2026-08-02 23:17:44.821 [restartedMain] INFO  o.hibernate.orm.connections.pooling - HHH10001005: Database info:
	Database JDBC URL [jdbc:mysql://localhost:3306/online_tiffin_service]
	Database driver: MySQL Connector/J
	Database dialect: MySQLDialect
	Database version: 8.0.45
	Default catalog/schema: online_tiffin_service/undefined
	Autocommit mode: undefined/unknown
	Isolation level: REPEATABLE_READ [default REPEATABLE_READ]
	JDBC fetch size: none
	Pool: DataSourceConnectionProvider
	Minimum pool size: undefined/unknown
	Maximum pool size: undefined/unknown
2026-08-02 23:17:45.832 [restartedMain] INFO  org.hibernate.orm.core - HHH000489: No JTA platform available (set 'hibernate.transaction.jta.platform' to enable JTA platform integration)
2026-08-02 23:17:45.905 [restartedMain] INFO  o.s.o.j.LocalContainerEntityManagerFactoryBean - Initialized JPA EntityManagerFactory for persistence unit 'default'
2026-08-02 23:17:45.986 [restartedMain] INFO  o.s.d.j.r.q.QueryEnhancerFactories - Hibernate is in classpath; If applicable, HQL parser will be used.
2026-08-02 23:17:46.832 [restartedMain] INFO  o.s.s.c.a.a.c.InitializeUserDetailsBeanManagerConfigurer$InitializeUserDetailsManagerConfigurer - Global AuthenticationManager configured with UserDetailsService bean with name customUserDetailsServiceImpl
2026-08-02 23:17:46.955 [restartedMain] WARN  o.s.b.j.a.JpaBaseConfiguration$JpaWebConfiguration - spring.jpa.open-in-view is enabled by default. Therefore, database queries may be performed during view rendering. Explicitly configure spring.jpa.open-in-view to disable this warning
2026-08-02 23:17:47.659 [restartedMain] INFO  o.a.coyote.http11.Http11NioProtocol - Starting ProtocolHandler ["http-nio-8080"]
2026-08-02 23:17:47.680 [restartedMain] INFO  o.s.boot.tomcat.TomcatWebServer - Tomcat started on port 8080 (http) with context path '/'
2026-08-02 23:17:47.686 [restartedMain] INFO  c.c.o.OnlineTiffinServiceApplication - Started OnlineTiffinServiceApplication in 6.063 seconds (process running for 6.962)
